Archive member included to satisfy reference by file (symbol)

/usr/lib/gcc/arm-none-eabi/10.3.1/thumb/v6-m/nofp/libgcc.a(_dvmd_tls.o)
                              CMakeFiles/pico-sync-motor-dev.dir/_deps/pico_sdk-src/src/rp2_common/pico_divider/divider.S.obj (__aeabi_idiv0)
/usr/lib/gcc/arm-none-eabi/10.3.1/../../../arm-none-eabi/lib/thumb/v6-m/nofp/libc.a(lib_a-atexit.o)
                              /usr/lib/gcc/arm-none-eabi/10.3.1/../../../arm-none-eabi/lib/thumb/v6-m/nofp/crt0.o (atexit)
/usr/lib/gcc/arm-none-eabi/10.3.1/../../../arm-none-eabi/lib/thumb/v6-m/nofp/libc.a(lib_a-calloc.o)
                              CMakeFiles/pico-sync-motor-dev.dir/_deps/pico_sdk-src/src/rp2_common/pico_malloc/pico_malloc.c.obj (calloc)
/usr/lib/gcc/arm-none-eabi/10.3.1/../../../arm-none-eabi/lib/thumb/v6-m/nofp/libc.a(lib_a-callocr.o)
                              /usr/lib/gcc/arm-none-eabi/10.3.1/../../../arm-none-eabi/lib/thumb/v6-m/nofp/libc.a(lib_a-calloc.o) (_calloc_r)
/usr/lib/gcc/arm-none-eabi/10.3.1/../../../arm-none-eabi/lib/thumb/v6-m/nofp/libc.a(lib_a-fini.o)
                              /usr/lib/gcc/arm-none-eabi/10.3.1/../../../arm-none-eabi/lib/thumb/v6-m/nofp/crt0.o (__libc_fini_array)
/usr/lib/gcc/arm-none-eabi/10.3.1/../../../arm-none-eabi/lib/thumb/v6-m/nofp/libc.a(lib_a-impure.o)
                              /usr/lib/gcc/arm-none-eabi/10.3.1/../../../arm-none-eabi/lib/thumb/v6-m/nofp/libc.a(lib_a-calloc.o) (_impure_ptr)
/usr/lib/gcc/arm-none-eabi/10.3.1/../../../arm-none-eabi/lib/thumb/v6-m/nofp/libc.a(lib_a-init.o)
                              /usr/lib/gcc/arm-none-eabi/10.3.1/../../../arm-none-eabi/lib/thumb/v6-m/nofp/crt0.o (__libc_init_array)
/usr/lib/gcc/arm-none-eabi/10.3.1/../../../arm-none-eabi/lib/thumb/v6-m/nofp/libc.a(lib_a-malloc.o)
                              CMakeFiles/pico-sync-motor-dev.dir/_deps/pico_sdk-src/src/rp2_common/pico_malloc/pico_malloc.c.obj (malloc)
/usr/lib/gcc/arm-none-eabi/10.3.1/../../../arm-none-eabi/lib/thumb/v6-m/nofp/libc.a(lib_a-mallocr.o)
                              /usr/lib/gcc/arm-none-eabi/10.3.1/../../../arm-none-eabi/lib/thumb/v6-m/nofp/libc.a(lib_a-callocr.o) (_malloc_r)
/usr/lib/gcc/arm-none-eabi/10.3.1/../../../arm-none-eabi/lib/thumb/v6-m/nofp/libc.a(lib_a-mlock.o)
                              /usr/lib/gcc/arm-none-eabi/10.3.1/../../../arm-none-eabi/lib/thumb/v6-m/nofp/libc.a(lib_a-mallocr.o) (__malloc_lock)
/usr/lib/gcc/arm-none-eabi/10.3.1/../../../arm-none-eabi/lib/thumb/v6-m/nofp/libc.a(lib_a-realloc.o)
                              CMakeFiles/pico-sync-motor-dev.dir/_deps/pico_sdk-src/src/rp2_common/pico_malloc/pico_malloc.c.obj (realloc)
/usr/lib/gcc/arm-none-eabi/10.3.1/../../../arm-none-eabi/lib/thumb/v6-m/nofp/libc.a(lib_a-reallocr.o)
                              /usr/lib/gcc/arm-none-eabi/10.3.1/../../../arm-none-eabi/lib/thumb/v6-m/nofp/libc.a(lib_a-realloc.o) (_realloc_r)
/usr/lib/gcc/arm-none-eabi/10.3.1/../../../arm-none-eabi/lib/thumb/v6-m/nofp/libc.a(lib_a-sbrkr.o)
                              /usr/lib/gcc/arm-none-eabi/10.3.1/../../../arm-none-eabi/lib/thumb/v6-m/nofp/libc.a(lib_a-mallocr.o) (_sbrk_r)
/usr/lib/gcc/arm-none-eabi/10.3.1/../../../arm-none-eabi/lib/thumb/v6-m/nofp/libc.a(lib_a-strlen-stub.o)
                              CMakeFiles/pico-sync-motor-dev.dir/_deps/pico_sdk-src/src/rp2_common/pico_stdio/stdio.c.obj (strlen)
/usr/lib/gcc/arm-none-eabi/10.3.1/../../../arm-none-eabi/lib/thumb/v6-m/nofp/libc.a(lib_a-__atexit.o)
                              /usr/lib/gcc/arm-none-eabi/10.3.1/../../../arm-none-eabi/lib/thumb/v6-m/nofp/libc.a(lib_a-atexit.o) (__register_exitproc)
/usr/lib/gcc/arm-none-eabi/10.3.1/../../../arm-none-eabi/lib/thumb/v6-m/nofp/libc.a(lib_a-freer.o)
                              /usr/lib/gcc/arm-none-eabi/10.3.1/../../../arm-none-eabi/lib/thumb/v6-m/nofp/libc.a(lib_a-malloc.o) (_free_r)
/usr/lib/gcc/arm-none-eabi/10.3.1/../../../arm-none-eabi/lib/thumb/v6-m/nofp/libc.a(lib_a-memmove.o)
                              /usr/lib/gcc/arm-none-eabi/10.3.1/../../../arm-none-eabi/lib/thumb/v6-m/nofp/libc.a(lib_a-reallocr.o) (memmove)
/usr/lib/gcc/arm-none-eabi/10.3.1/../../../arm-none-eabi/lib/thumb/v6-m/nofp/libc.a(lib_a-reent.o)
                              /usr/lib/gcc/arm-none-eabi/10.3.1/../../../arm-none-eabi/lib/thumb/v6-m/nofp/libc.a(lib_a-sbrkr.o) (errno)

Discarded input sections

 .text          0x0000000000000000        0x0 /usr/lib/gcc/arm-none-eabi/10.3.1/thumb/v6-m/nofp/crti.o
 .data          0x0000000000000000        0x0 /usr/lib/gcc/arm-none-eabi/10.3.1/thumb/v6-m/nofp/crti.o
 .bss           0x0000000000000000        0x0 /usr/lib/gcc/arm-none-eabi/10.3.1/thumb/v6-m/nofp/crti.o
 .data          0x0000000000000000        0x4 /usr/lib/gcc/arm-none-eabi/10.3.1/thumb/v6-m/nofp/crtbegin.o
 .rodata        0x0000000000000000       0x24 /usr/lib/gcc/arm-none-eabi/10.3.1/thumb/v6-m/nofp/crtbegin.o
[...]
Memory Configuration

Name             Origin             Length             Attributes
FLASH            0x0000000010000000 0x0000000000200000 xr
RAM              0x0000000020000000 0x0000000000040000 xrw
SCRATCH_X        0x0000000020040000 0x0000000000001000 xrw
SCRATCH_Y        0x0000000020041000 0x0000000000001000 xrw
*default*        0x0000000000000000 0xffffffffffffffff

Linker script and memory map

LOAD /usr/lib/gcc/arm-none-eabi/10.3.1/thumb/v6-m/nofp/crti.o
LOAD /usr/lib/gcc/arm-none-eabi/10.3.1/thumb/v6-m/nofp/crtbegin.o
LOAD /usr/lib/gcc/arm-none-eabi/10.3.1/../../../arm-none-eabi/lib/thumb/v6-m/nofp/crt0.o

.flash_begin    0x0000000010000000        0x0
                0x0000000010000000                __flash_binary_start = .

.boot2          0x0000000010000000      0x100
                0x0000000010000000                __boot2_start__ = .
 *(.boot2)
 .boot2         0x0000000010000000      0x100 /tmp/ccNeFCNu.o
                0x0000000010000100                __boot2_end__ = .
                0x0000000000000001                ASSERT (((__boot2_end__ - __boot2_start__) == 0x100), ERROR: Pico second stage bootloader must be 256 bytes in size)

.text           0x0000000010000100     0x2d78
                0x0000000010000100                __logical_binary_start = .
 *(.vectors)
 .vectors       0x0000000010000100       0xd4 CMakeFiles/pico-sync-motor-dev.dir/_deps/pico_sdk-src/src/rp2_common/pico_standard_link/crt0.S.obj
                0x0000000010000100                __vectors
                0x0000000010000100                __VECTOR_TABLE
                0x00000000100001c0                isr_invalid
                0x00000000100001c0                __default_isrs_start
                0x00000000100001c2                isr_nmi
                0x00000000100001c4                isr_hardfault
                0x00000000100001c6                isr_svcall
                0x00000000100001c8                isr_pendsv
                0x00000000100001ca                isr_systick
                0x00000000100001cc                isr_irq30
                0x00000000100001cc                __unhandled_user_irq
                0x00000000100001cc                isr_irq13
                0x00000000100001cc                isr_irq27
                0x00000000100001cc                isr_irq31
                0x00000000100001cc                isr_irq5
                0x00000000100001cc                isr_irq11
                0x00000000100001cc                isr_irq23
                0x00000000100001cc                isr_irq18
                0x00000000100001cc                isr_irq28
                0x00000000100001cc                isr_irq19
                0x00000000100001cc                isr_irq0
                0x00000000100001cc                isr_irq6
                0x00000000100001cc                isr_irq22
                0x00000000100001cc                isr_irq17
                0x00000000100001cc                isr_irq14
                0x00000000100001cc                isr_irq2
                0x00000000100001cc                isr_irq10
                0x00000000100001cc                isr_irq8
                0x00000000100001cc                isr_irq24
                0x00000000100001cc                isr_irq1
                0x00000000100001cc                isr_irq7
                0x00000000100001cc                isr_irq21
                0x00000000100001cc                isr_irq20
                0x00000000100001cc                isr_irq15
                0x00000000100001cc                isr_irq25
                0x00000000100001cc                isr_irq4
                0x00000000100001cc                isr_irq16
                0x00000000100001cc                isr_irq29
                0x00000000100001cc                isr_irq26
                0x00000000100001cc                __default_isrs_end
                0x00000000100001cc                isr_irq3
                0x00000000100001cc                isr_irq12
                0x00000000100001cc                isr_irq9
                0x00000000100001d2                unhandled_user_irq_num_in_r0
 *(.binary_info_header)
 .binary_info_header
                0x00000000100001d4       0x14 CMakeFiles/pico-sync-motor-dev.dir/_deps/pico_sdk-src/src/rp2_common/pico_standard_link/crt0.S.obj
                0x00000000100001e8                __binary_info_header_end = .
 *(.reset)
 .reset         0x00000000100001e8       0xa0 CMakeFiles/pico-sync-motor-dev.dir/_deps/pico_sdk-src/src/rp2_common/pico_standard_link/crt0.S.obj
                0x00000000100001e8                _entry_point
 .reset         0x0000000010000288       0x30 CMakeFiles/pico-sync-motor-dev.dir/_deps/pico_sdk-src/src/rp2_common/pico_standard_link/binary_info.c.obj
 *(.init)
 .init          0x00000000100002b8        0x4 /usr/lib/gcc/arm-none-eabi/10.3.1/thumb/v6-m/nofp/crti.o
                0x00000000100002b8                _init
 *(EXCLUDE_FILE(*libm.a: *libc.a:*lib_a-mem*.o *libgcc.a:) .text*)
 .text          0x00000000100002bc       0x98 /usr/lib/gcc/arm-none-eabi/10.3.1/thumb/v6-m/nofp/crtbegin.o
 .text.servo_enable
                0x0000000010000354       0xb8 CMakeFiles/pico-sync-motor-dev.dir/src/pico_servo.c.obj
                0x0000000010000354                servo_enable
 .text.servo_set_position
                0x000000001000040c       0x80 CMakeFiles/pico-sync-motor-dev.dir/src/pico_servo.c.obj
                0x000000001000040c                servo_set_position
 .text.estop_pin_callback
                0x000000001000048c       0x34 CMakeFiles/pico-sync-motor-dev.dir/main.c.obj
                0x000000001000048c                estop_pin_callback
 .text.off1_program_init
                0x00000000100004c0       0xa4 CMakeFiles/pico-sync-motor-dev.dir/main.c.obj
                0x00000000100004c0                off1_program_init
 .text.off2_program_init
                0x0000000010000564       0xa4 CMakeFiles/pico-sync-motor-dev.dir/main.c.obj
                0x0000000010000564                off2_program_init
 .text.spe1_program_init
                0x0000000010000608       0xa8 CMakeFiles/pico-sync-motor-dev.dir/main.c.obj
                0x0000000010000608                spe1_program_init
 .text.spe2_program_init
                0x00000000100006b0       0xa8 CMakeFiles/pico-sync-motor-dev.dir/main.c.obj
                0x00000000100006b0                spe2_program_init
 .text.startup.main
                0x0000000010000758      0x29c CMakeFiles/pico-sync-motor-dev.dir/main.c.obj
                0x0000000010000758                main
 .text.gpio_default_irq_handler
                0x00000000100009f4      0x248 CMakeFiles/pico-sync-motor-dev.dir/_deps/pico_sdk-src/src/rp2_common/hardware_gpio/gpio.c.obj
 .text.gpio_set_function
                0x0000000010000c3c       0x30 CMakeFiles/pico-sync-motor-dev.dir/_deps/pico_sdk-src/src/rp2_common/hardware_gpio/gpio.c.obj
                0x0000000010000c3c                gpio_set_function
 .text.gpio_set_pulls
                0x0000000010000c6c       0x30 CMakeFiles/pico-sync-motor-dev.dir/_deps/pico_sdk-src/src/rp2_common/hardware_gpio/gpio.c.obj
                0x0000000010000c6c                gpio_set_pulls
 .text.gpio_set_irq_enabled_with_callback
                0x0000000010000c9c       0xb0 CMakeFiles/pico-sync-motor-dev.dir/_deps/pico_sdk-src/src/rp2_common/hardware_gpio/gpio.c.obj
                0x0000000010000c9c                gpio_set_irq_enabled_with_callback
 .text.gpio_init
                0x0000000010000d4c       0x3c CMakeFiles/pico-sync-motor-dev.dir/_deps/pico_sdk-src/src/rp2_common/hardware_gpio/gpio.c.obj
                0x0000000010000d4c                gpio_init
 .text.running_on_fpga
                0x0000000010000d88       0x10 CMakeFiles/pico-sync-motor-dev.dir/_deps/pico_sdk-src/src/rp2_common/pico_platform/platform.c.obj
                0x0000000010000d88                running_on_fpga
 .text.hw_claim_lock
                0x0000000010000d98       0x18 CMakeFiles/pico-sync-motor-dev.dir/_deps/pico_sdk-src/src/rp2_common/hardware_claim/claim.c.obj
                0x0000000010000d98                hw_claim_lock
 .text.hw_claim_unlock
                0x0000000010000db0       0x14 CMakeFiles/pico-sync-motor-dev.dir/_deps/pico_sdk-src/src/rp2_common/hardware_claim/claim.c.obj
                0x0000000010000db0                hw_claim_unlock
 .text.hw_claim_or_assert
                0x0000000010000dc4       0x44 CMakeFiles/pico-sync-motor-dev.dir/_deps/pico_sdk-src/src/rp2_common/hardware_claim/claim.c.obj
                0x0000000010000dc4                hw_claim_or_assert
 .text.hw_claim_unused_from_range
                0x0000000010000e08       0x9c CMakeFiles/pico-sync-motor-dev.dir/_deps/pico_sdk-src/src/rp2_common/hardware_claim/claim.c.obj
                0x0000000010000e08                hw_claim_unused_from_range
 .text.spin_locks_reset
                0x0000000010000ea4       0x1c CMakeFiles/pico-sync-motor-dev.dir/_deps/pico_sdk-src/src/rp2_common/hardware_sync/sync.c.obj
                0x0000000010000ea4                spin_locks_reset
 .text.next_striped_spin_lock_num
                0x0000000010000ec0       0x18 CMakeFiles/pico-sync-motor-dev.dir/_deps/pico_sdk-src/src/rp2_common/hardware_sync/sync.c.obj
                0x0000000010000ec0                next_striped_spin_lock_num
 .text.irq_set_enabled
                0x0000000010000ed8       0x24 CMakeFiles/pico-sync-motor-dev.dir/_deps/pico_sdk-src/src/rp2_common/hardware_irq/irq.c.obj
                0x0000000010000ed8                irq_set_enabled
 .text.irq_get_vtable_handler
                0x0000000010000efc       0x10 CMakeFiles/pico-sync-motor-dev.dir/_deps/pico_sdk-src/src/rp2_common/hardware_irq/irq.c.obj
                0x0000000010000efc                irq_get_vtable_handler
 .text.irq_set_exclusive_handler
                0x0000000010000f0c       0x54 CMakeFiles/pico-sync-motor-dev.dir/_deps/pico_sdk-src/src/rp2_common/hardware_irq/irq.c.obj
                0x0000000010000f0c                irq_set_exclusive_handler
 .text.irq_add_shared_handler
                0x0000000010000f60      0x1e8 CMakeFiles/pico-sync-motor-dev.dir/_deps/pico_sdk-src/src/rp2_common/hardware_irq/irq.c.obj
                0x0000000010000f60                irq_add_shared_handler
 .text.irq_remove_handler
                0x0000000010001148      0x1b0 CMakeFiles/pico-sync-motor-dev.dir/_deps/pico_sdk-src/src/rp2_common/hardware_irq/irq.c.obj
                0x0000000010001148                irq_remove_handler
 .text.irq_add_tail_to_free_list
                0x00000000100012f8       0xb4 CMakeFiles/pico-sync-motor-dev.dir/_deps/pico_sdk-src/src/rp2_common/hardware_irq/irq.c.obj
                0x00000000100012f8                irq_add_tail_to_free_list
 .text.irq_init_priorities
                0x00000000100013ac       0x24 CMakeFiles/pico-sync-motor-dev.dir/_deps/pico_sdk-src/src/rp2_common/hardware_irq/irq.c.obj
                0x00000000100013ac                irq_init_priorities
 .text.lock_init
                0x00000000100013d0       0x10 CMakeFiles/pico-sync-motor-dev.dir/_deps/pico_sdk-src/src/common/pico_sync/lock_core.c.obj
                0x00000000100013d0                lock_init
 .text.mutex_init
                0x00000000100013e0       0x1c CMakeFiles/pico-sync-motor-dev.dir/_deps/pico_sdk-src/src/common/pico_sync/mutex.c.obj
                0x00000000100013e0                mutex_init
 .text.recursive_mutex_init
                0x00000000100013fc       0x1c CMakeFiles/pico-sync-motor-dev.dir/_deps/pico_sdk-src/src/common/pico_sync/mutex.c.obj
                0x00000000100013fc                recursive_mutex_init
 .text.timer_pool_entry_comparator
                0x0000000010001418       0x34 CMakeFiles/pico-sync-motor-dev.dir/_deps/pico_sdk-src/src/common/pico_time/time.c.obj
                0x0000000010001418                timer_pool_entry_comparator
 .text.sleep_until_callback
                0x000000001000144c       0x30 CMakeFiles/pico-sync-motor-dev.dir/_deps/pico_sdk-src/src/common/pico_time/time.c.obj
 .text.add_alarm_under_lock.isra.0
                0x000000001000147c      0x100 CMakeFiles/pico-sync-motor-dev.dir/_deps/pico_sdk-src/src/common/pico_time/time.c.obj
 .text.alarm_pool_alarm_callback
                0x000000001000157c      0x1bc CMakeFiles/pico-sync-motor-dev.dir/_deps/pico_sdk-src/src/common/pico_time/time.c.obj
 .text.alarm_pool_init_default
                0x0000000010001738       0x6c CMakeFiles/pico-sync-motor-dev.dir/_deps/pico_sdk-src/src/common/pico_time/time.c.obj
                0x0000000010001738                alarm_pool_init_default
 .text.alarm_pool_add_alarm_at
                0x00000000100017a4      0x178 CMakeFiles/pico-sync-motor-dev.dir/_deps/pico_sdk-src/src/common/pico_time/time.c.obj
                0x00000000100017a4                alarm_pool_add_alarm_at
 .text.sleep_until
                0x000000001000191c       0xc4 CMakeFiles/pico-sync-motor-dev.dir/_deps/pico_sdk-src/src/common/pico_time/time.c.obj
                0x000000001000191c                sleep_until
 .text.sleep_ms
                0x00000000100019e0       0x34 CMakeFiles/pico-sync-motor-dev.dir/_deps/pico_sdk-src/src/common/pico_time/time.c.obj
                0x00000000100019e0                sleep_ms
 .text.best_effort_wfe_or_timeout
                0x0000000010001a14       0xd4 CMakeFiles/pico-sync-motor-dev.dir/_deps/pico_sdk-src/src/common/pico_time/time.c.obj
                0x0000000010001a14                best_effort_wfe_or_timeout
 .text.hardware_alarm_irq_handler
                0x0000000010001ae8       0xbc CMakeFiles/pico-sync-motor-dev.dir/_deps/pico_sdk-src/src/rp2_common/hardware_timer/timer.c.obj
 .text.hardware_alarm_claim
                0x0000000010001ba4       0x18 CMakeFiles/pico-sync-motor-dev.dir/_deps/pico_sdk-src/src/rp2_common/hardware_timer/timer.c.obj
                0x0000000010001ba4                hardware_alarm_claim
 .text.time_us_64
                0x0000000010001bbc       0x14 CMakeFiles/pico-sync-motor-dev.dir/_deps/pico_sdk-src/src/rp2_common/hardware_timer/timer.c.obj
                0x0000000010001bbc                time_us_64
 .text.busy_wait_until
                0x0000000010001bd0       0x20 CMakeFiles/pico-sync-motor-dev.dir/_deps/pico_sdk-src/src/rp2_common/hardware_timer/timer.c.obj
                0x0000000010001bd0                busy_wait_until
 .text.hardware_alarm_set_callback
                0x0000000010001bf0       0x8c CMakeFiles/pico-sync-motor-dev.dir/_deps/pico_sdk-src/src/rp2_common/hardware_timer/timer.c.obj
                0x0000000010001bf0                hardware_alarm_set_callback
 .text.hardware_alarm_set_target
                0x0000000010001c7c       0xd4 CMakeFiles/pico-sync-motor-dev.dir/_deps/pico_sdk-src/src/rp2_common/hardware_timer/timer.c.obj
                0x0000000010001c7c                hardware_alarm_set_target
 .text.hardware_alarm_cancel
                0x0000000010001d50       0x3c CMakeFiles/pico-sync-motor-dev.dir/_deps/pico_sdk-src/src/rp2_common/hardware_timer/timer.c.obj
                0x0000000010001d50                hardware_alarm_cancel
 .text.ph_merge_nodes
                0x0000000010001d8c       0x68 CMakeFiles/pico-sync-motor-dev.dir/_deps/pico_sdk-src/src/common/pico_util/pheap.c.obj
 .text.ph_post_alloc_init
                0x0000000010001df4       0x3c CMakeFiles/pico-sync-motor-dev.dir/_deps/pico_sdk-src/src/common/pico_util/pheap.c.obj
                0x0000000010001df4                ph_post_alloc_init
 .text.ph_merge_two_pass
                0x0000000010001e30       0x90 CMakeFiles/pico-sync-motor-dev.dir/_deps/pico_sdk-src/src/common/pico_util/pheap.c.obj
                0x0000000010001e30                ph_merge_two_pass
 .text.ph_remove_any_head
                0x0000000010001ec0      0x100 CMakeFiles/pico-sync-motor-dev.dir/_deps/pico_sdk-src/src/common/pico_util/pheap.c.obj
 .text.ph_remove_head
                0x0000000010001fc0      0x104 CMakeFiles/pico-sync-motor-dev.dir/_deps/pico_sdk-src/src/common/pico_util/pheap.c.obj
                0x0000000010001fc0                ph_remove_head
 .text.ph_remove_and_free_node
                0x00000000100020c4       0x7c CMakeFiles/pico-sync-motor-dev.dir/_deps/pico_sdk-src/src/common/pico_util/pheap.c.obj
                0x00000000100020c4                ph_remove_and_free_node
 .text.clocks_init
                0x0000000010002140      0x2d0 CMakeFiles/pico-sync-motor-dev.dir/_deps/pico_sdk-src/src/rp2_common/hardware_clocks/clocks.c.obj
                0x0000000010002140                clocks_init
 .text.clock_get_hz
                0x0000000010002410        0xc CMakeFiles/pico-sync-motor-dev.dir/_deps/pico_sdk-src/src/rp2_common/hardware_clocks/clocks.c.obj
                0x0000000010002410                clock_get_hz
 .text.pll_init
                0x000000001000241c       0xa0 CMakeFiles/pico-sync-motor-dev.dir/_deps/pico_sdk-src/src/rp2_common/hardware_pll/pll.c.obj
                0x000000001000241c                pll_init
 .text.watchdog_start_tick
                0x00000000100024bc       0x10 CMakeFiles/pico-sync-motor-dev.dir/_deps/pico_sdk-src/src/rp2_common/hardware_watchdog/watchdog.c.obj
                0x00000000100024bc                watchdog_start_tick
 .text.xosc_init
                0x00000000100024cc       0x28 CMakeFiles/pico-sync-motor-dev.dir/_deps/pico_sdk-src/src/rp2_common/hardware_xosc/xosc.c.obj
                0x00000000100024cc                xosc_init
 .text.runtime_init
                0x00000000100024f4       0xf0 CMakeFiles/pico-sync-motor-dev.dir/_deps/pico_sdk-src/src/rp2_common/pico_runtime/runtime.c.obj
                0x00000000100024f4                runtime_init
 .text._exit    0x00000000100025e4        0x4 CMakeFiles/pico-sync-motor-dev.dir/_deps/pico_sdk-src/src/rp2_common/pico_runtime/runtime.c.obj
                0x00000000100025e4                _exit
 .text.exit     0x00000000100025e8        0x8 CMakeFiles/pico-sync-motor-dev.dir/_deps/pico_sdk-src/src/rp2_common/pico_runtime/runtime.c.obj
                0x00000000100025e8                exit
 .text.panic    0x00000000100025f0       0x30 CMakeFiles/pico-sync-motor-dev.dir/_deps/pico_sdk-src/src/rp2_common/pico_runtime/runtime.c.obj
                0x00000000100025f0                panic
 .text.hard_assertion_failure
                0x0000000010002620        0xc CMakeFiles/pico-sync-motor-dev.dir/_deps/pico_sdk-src/src/rp2_common/pico_runtime/runtime.c.obj
                0x0000000010002620                hard_assertion_failure
 .text._out_char
                0x000000001000262c       0x10 CMakeFiles/pico-sync-motor-dev.dir/_deps/pico_sdk-src/src/rp2_common/pico_printf/printf.c.obj
 .text.weak_raw_vprintf
                0x000000001000263c       0x30 CMakeFiles/pico-sync-motor-dev.dir/_deps/pico_sdk-src/src/rp2_common/pico_printf/printf.c.obj
                0x000000001000263c                weak_raw_vprintf
 .text          0x000000001000266c       0x10 CMakeFiles/pico-sync-motor-dev.dir/_deps/pico_sdk-src/src/rp2_common/pico_bit_ops/bit_ops_aeabi.S.obj
 .text.rom_func_lookup
                0x000000001000267c       0x10 CMakeFiles/pico-sync-motor-dev.dir/_deps/pico_sdk-src/src/rp2_common/pico_bootrom/bootrom.c.obj
                0x000000001000267c                rom_func_lookup
 .text.rom_data_lookup
                0x000000001000268c       0x10 CMakeFiles/pico-sync-motor-dev.dir/_deps/pico_sdk-src/src/rp2_common/pico_bootrom/bootrom.c.obj
                0x000000001000268c                rom_data_lookup
 .text.rom_funcs_lookup
                0x000000001000269c       0x44 CMakeFiles/pico-sync-motor-dev.dir/_deps/pico_sdk-src/src/rp2_common/pico_bootrom/bootrom.c.obj
                0x000000001000269c                rom_funcs_lookup
 .text.__wrap___aeabi_idiv
                0x00000000100026e0       0x50 CMakeFiles/pico-sync-motor-dev.dir/_deps/pico_sdk-src/src/rp2_common/pico_divider/divider.S.obj
                0x00000000100026e0                __wrap___aeabi_idivmod
                0x00000000100026e0                divmod_s32s32
                0x00000000100026e0                div_s32s32
                0x00000000100026e0                __wrap___aeabi_idiv
                0x00000000100026e8                divmod_s32s32_unsafe
                0x0000000010002714                divmod_s32s32_savestate
 .text.__wrap___aeabi_uidiv
                0x0000000010002730       0x4c CMakeFiles/pico-sync-motor-dev.dir/_deps/pico_sdk-src/src/rp2_common/pico_divider/divider.S.obj
                0x0000000010002730                __wrap___aeabi_uidiv
                0x0000000010002730                __wrap___aeabi_uidivmod
                0x0000000010002730                div_u32u32
                0x0000000010002730                divmod_u32u32
                0x0000000010002738                divmod_u32u32_unsafe
                0x0000000010002760                divmod_u32u32_savestate
 .text.__aeabi_double_init
                0x000000001000277c       0x94 CMakeFiles/pico-sync-motor-dev.dir/_deps/pico_sdk-src/src/rp2_common/pico_double/double_init_rom.c.obj
                0x000000001000277c                __aeabi_double_init
 .text.double_table_shim_on_use_helper
                0x0000000010002810       0x2c CMakeFiles/pico-sync-motor-dev.dir/_deps/pico_sdk-src/src/rp2_common/pico_double/double_v1_rom_shim.S.obj
                0x0000000010002810                double_table_shim_on_use_helper
 .text.__aeabi_lmul
                0x000000001000283c       0x32 CMakeFiles/pico-sync-motor-dev.dir/_deps/pico_sdk-src/src/rp2_common/pico_int64_ops/pico_int64_ops_aeabi.S.obj
                0x000000001000283c                __wrap___aeabi_lmul
 *fill*         0x000000001000286e        0x2 
 .text.__wrap___aeabi_farithmetic
                0x0000000010002870       0x48 CMakeFiles/pico-sync-motor-dev.dir/_deps/pico_sdk-src/src/rp2_common/pico_float/float_aeabi.S.obj
                0x0000000010002870                __wrap___aeabi_frsub
                0x0000000010002876                __wrap___aeabi_fsub
                0x000000001000287c                __wrap___aeabi_fadd
                0x0000000010002882                __wrap___aeabi_fdiv
                0x00000000100028aa                __wrap___aeabi_fmul
 .text.__wrap___aeabi_ui2f
                0x00000000100028b8        0xa CMakeFiles/pico-sync-motor-dev.dir/_deps/pico_sdk-src/src/rp2_common/pico_float/float_aeabi.S.obj
                0x00000000100028b8                __wrap___aeabi_ui2f
 *fill*         0x00000000100028c2        0x2 
 .text.__wrap___aeabi_i2f
                0x00000000100028c4       0x44 CMakeFiles/pico-sync-motor-dev.dir/_deps/pico_sdk-src/src/rp2_common/pico_float/float_aeabi.S.obj
                0x00000000100028c4                __wrap___aeabi_i2f
 .text.__wrap___aeabi_f2uiz
                0x0000000010002908        0xc CMakeFiles/pico-sync-motor-dev.dir/_deps/pico_sdk-src/src/rp2_common/pico_float/float_aeabi.S.obj
                0x0000000010002908                __wrap___aeabi_f2uiz
 .text.__aeabi_float_init
                0x0000000010002914       0x64 CMakeFiles/pico-sync-motor-dev.dir/_deps/pico_sdk-src/src/rp2_common/pico_float/float_init_rom.c.obj
                0x0000000010002914                __aeabi_float_init
 .text.float_table_shim_on_use_helper
                0x0000000010002978       0x2c CMakeFiles/pico-sync-motor-dev.dir/_deps/pico_sdk-src/src/rp2_common/pico_float/float_v1_rom_shim.S.obj
                0x0000000010002978                float_table_shim_on_use_helper
 .text          0x00000000100029a4       0x10 CMakeFiles/pico-sync-motor-dev.dir/_deps/pico_sdk-src/src/rp2_common/pico_mem_ops/mem_ops_aeabi.S.obj
                0x00000000100029a4                __aeabi_mem_init
 .text.memcpy   0x00000000100029b4        0xc CMakeFiles/pico-sync-motor-dev.dir/_deps/pico_sdk-src/src/rp2_common/pico_mem_ops/mem_ops_aeabi.S.obj
                0x00000000100029b4                __wrap___aeabi_memcpy
                0x00000000100029b4                __wrap_memcpy
 .text.stdio_out_chars_no_crlf
                0x00000000100029c0       0x10 CMakeFiles/pico-sync-motor-dev.dir/_deps/pico_sdk-src/src/rp2_common/pico_stdio/stdio.c.obj
 .text.stdio_out_chars_crlf
                0x00000000100029d0       0xb4 CMakeFiles/pico-sync-motor-dev.dir/_deps/pico_sdk-src/src/rp2_common/pico_stdio/stdio.c.obj
 .text.stdio_put_string.isra.0
                0x0000000010002a84       0xfc CMakeFiles/pico-sync-motor-dev.dir/_deps/pico_sdk-src/src/rp2_common/pico_stdio/stdio.c.obj
 .text.__wrap_putchar
                0x0000000010002b80       0x98 CMakeFiles/pico-sync-motor-dev.dir/_deps/pico_sdk-src/src/rp2_common/pico_stdio/stdio.c.obj
                0x0000000010002b80                __wrap_putchar
 .text.__wrap_puts
                0x0000000010002c18       0x3c CMakeFiles/pico-sync-motor-dev.dir/_deps/pico_sdk-src/src/rp2_common/pico_stdio/stdio.c.obj
                0x0000000010002c18                __wrap_puts
 .text.pio_claim_unused_sm
                0x0000000010002c54       0x3c CMakeFiles/pico-sync-motor-dev.dir/_deps/pico_sdk-src/src/rp2_common/hardware_pio/pio.c.obj
                0x0000000010002c54                pio_claim_unused_sm
 .text.pio_add_program
                0x0000000010002c90       0xc8 CMakeFiles/pico-sync-motor-dev.dir/_deps/pico_sdk-src/src/rp2_common/hardware_pio/pio.c.obj
                0x0000000010002c90                pio_add_program
 .text.pio_sm_init
                0x0000000010002d58       0x8c CMakeFiles/pico-sync-motor-dev.dir/_deps/pico_sdk-src/src/rp2_common/hardware_pio/pio.c.obj
                0x0000000010002d58                pio_sm_init
 .text          0x0000000010002de4       0x5c /usr/lib/gcc/arm-none-eabi/10.3.1/../../../arm-none-eabi/lib/thumb/v6-m/nofp/libc.a(lib_a-strlen-stub.o)
                0x0000000010002de4                strlen
 *(.fini)
 .fini          0x0000000010002e40        0x4 /usr/lib/gcc/arm-none-eabi/10.3.1/thumb/v6-m/nofp/crti.o
                0x0000000010002e40                _fini
 *fill*         0x0000000010002e44        0x4 
 .fini.__stub   0x0000000010002e48       0x30 linker stubs
 *crtbegin.o(.ctors)
 *crtbegin?.o(.ctors)
 *(EXCLUDE_FILE(*crtend.o *crtend?.o) .ctors)
 *(SORT_BY_NAME(.ctors.*))
 *(.ctors)
 *crtbegin.o(.dtors)
 *crtbegin?.o(.dtors)
 *(EXCLUDE_FILE(*crtend.o *crtend?.o) .dtors)
 *(SORT_BY_NAME(.dtors.*))
 *(.dtors)
 *(.eh_frame*)
 .eh_frame      0x0000000010002e78        0x0 /usr/lib/gcc/arm-none-eabi/10.3.1/thumb/v6-m/nofp/crtbegin.o
                0x0000000010002e78                . = ALIGN (0x4)

.glue_7         0x0000000010002e78        0x0
 .glue_7        0x0000000010002e78        0x0 linker stubs

.glue_7t        0x0000000010002e78        0x0
 .glue_7t       0x0000000010002e78        0x0 linker stubs

.vfp11_veneer   0x0000000010002e78        0x0
 .vfp11_veneer  0x0000000010002e78        0x0 linker stubs

.v4_bx          0x0000000010002e78        0x0
 .v4_bx         0x0000000010002e78        0x0 linker stubs

.iplt           0x0000000010002e78        0x0
 .iplt          0x0000000010002e78        0x0 /usr/lib/gcc/arm-none-eabi/10.3.1/thumb/v6-m/nofp/crtbegin.o

.rodata         0x0000000010002e78      0x164
 *(EXCLUDE_FILE(*libm.a: *libc.a:*lib_a-mem*.o *libgcc.a:) .rodata*)
 .rodata.off1_program
                0x0000000010002e78        0x6 CMakeFiles/pico-sync-motor-dev.dir/main.c.obj
 *fill*         0x0000000010002e7e        0x2 
 .rodata.off1_program_instructions
                0x0000000010002e80       0x12 CMakeFiles/pico-sync-motor-dev.dir/main.c.obj
 *fill*         0x0000000010002e92        0x2 
 .rodata.off2_program
                0x0000000010002e94        0x6 CMakeFiles/pico-sync-motor-dev.dir/main.c.obj
 *fill*         0x0000000010002e9a        0x2 
 .rodata.off2_program_instructions
                0x0000000010002e9c       0x12 CMakeFiles/pico-sync-motor-dev.dir/main.c.obj
 *fill*         0x0000000010002eae        0x2 
 .rodata.spe1_program
                0x0000000010002eb0        0x6 CMakeFiles/pico-sync-motor-dev.dir/main.c.obj
 *fill*         0x0000000010002eb6        0x2 
 .rodata.spe1_program_instructions
                0x0000000010002eb8       0x16 CMakeFiles/pico-sync-motor-dev.dir/main.c.obj
 *fill*         0x0000000010002ece        0x2 
 .rodata.spe2_program
                0x0000000010002ed0        0x6 CMakeFiles/pico-sync-motor-dev.dir/main.c.obj
 *fill*         0x0000000010002ed6        0x2 
 .rodata.spe2_program_instructions
                0x0000000010002ed8       0x16 CMakeFiles/pico-sync-motor-dev.dir/main.c.obj
 *fill*         0x0000000010002eee        0x2 
 .rodata.hardware_alarm_claim.str1.4
                0x0000000010002ef0       0x22 CMakeFiles/pico-sync-motor-dev.dir/_deps/pico_sdk-src/src/rp2_common/hardware_timer/timer.c.obj
 *fill*         0x0000000010002f12        0x2 
 .rodata.panic.str1.4
                0x0000000010002f14       0x12 CMakeFiles/pico-sync-motor-dev.dir/_deps/pico_sdk-src/src/rp2_common/pico_runtime/runtime.c.obj
 *fill*         0x0000000010002f26        0x2 
 .rodata.hard_assertion_failure.str1.4
                0x0000000010002f28        0xc CMakeFiles/pico-sync-motor-dev.dir/_deps/pico_sdk-src/src/rp2_common/pico_runtime/runtime.c.obj
 .rodata.str1.4
                0x0000000010002f34       0x48 CMakeFiles/pico-sync-motor-dev.dir/_deps/pico_sdk-src/src/rp2_common/pico_standard_link/binary_info.c.obj
 .rodata.__bi_44
                0x0000000010002f7c        0xc CMakeFiles/pico-sync-motor-dev.dir/_deps/pico_sdk-src/src/rp2_common/pico_standard_link/binary_info.c.obj
 .rodata.__bi_75
                0x0000000010002f88        0xc CMakeFiles/pico-sync-motor-dev.dir/_deps/pico_sdk-src/src/rp2_common/pico_standard_link/binary_info.c.obj
 .rodata.__bi_81
                0x0000000010002f94        0xc CMakeFiles/pico-sync-motor-dev.dir/_deps/pico_sdk-src/src/rp2_common/pico_standard_link/binary_info.c.obj
 .rodata.crlf_str.0
                0x0000000010002fa0        0x2 CMakeFiles/pico-sync-motor-dev.dir/_deps/pico_sdk-src/src/rp2_common/pico_stdio/stdio.c.obj
 *fill*         0x0000000010002fa2        0x2 
 .rodata.pio_claim_unused_sm.str1.4
                0x0000000010002fa4       0x24 CMakeFiles/pico-sync-motor-dev.dir/_deps/pico_sdk-src/src/rp2_common/hardware_pio/pio.c.obj
 .rodata.pio_add_program.str1.4
                0x0000000010002fc8       0x11 CMakeFiles/pico-sync-motor-dev.dir/_deps/pico_sdk-src/src/rp2_common/hardware_pio/pio.c.obj
                0x0000000010002fdc                . = ALIGN (0x4)
 *fill*         0x0000000010002fd9        0x3 
 *(SORT_BY_ALIGNMENT(SORT_BY_NAME(.flashdata*)))
                0x0000000010002fdc                . = ALIGN (0x4)

.ARM.extab
 *(.ARM.extab* .gnu.linkonce.armextab.*)
                0x0000000010002fdc                __exidx_start = .

.ARM.exidx
 *(.ARM.exidx* .gnu.linkonce.armexidx.*)
                0x0000000010002fdc                __exidx_end = .
                0x0000000010002fdc                . = ALIGN (0x4)
                0x0000000010002fdc                __binary_info_start = .

.binary_info    0x0000000010002fdc       0x1c
 *(.binary_info.keep.*)
 .binary_info.keep.__bi_ptr22
                0x0000000010002fdc        0x4 CMakeFiles/pico-sync-motor-dev.dir/_deps/pico_sdk-src/src/rp2_common/pico_standard_link/binary_info.c.obj
 .binary_info.keep.__bi_ptr30
                0x0000000010002fe0        0x4 CMakeFiles/pico-sync-motor-dev.dir/_deps/pico_sdk-src/src/rp2_common/pico_standard_link/binary_info.c.obj
 .binary_info.keep.__bi_ptr38
                0x0000000010002fe4        0x4 CMakeFiles/pico-sync-motor-dev.dir/_deps/pico_sdk-src/src/rp2_common/pico_standard_link/binary_info.c.obj
 .binary_info.keep.__bi_ptr44
                0x0000000010002fe8        0x4 CMakeFiles/pico-sync-motor-dev.dir/_deps/pico_sdk-src/src/rp2_common/pico_standard_link/binary_info.c.obj
 .binary_info.keep.__bi_ptr50
                0x0000000010002fec        0x4 CMakeFiles/pico-sync-motor-dev.dir/_deps/pico_sdk-src/src/rp2_common/pico_standard_link/binary_info.c.obj
 .binary_info.keep.__bi_ptr75
                0x0000000010002ff0        0x4 CMakeFiles/pico-sync-motor-dev.dir/_deps/pico_sdk-src/src/rp2_common/pico_standard_link/binary_info.c.obj
 .binary_info.keep.__bi_ptr81
                0x0000000010002ff4        0x4 CMakeFiles/pico-sync-motor-dev.dir/_deps/pico_sdk-src/src/rp2_common/pico_standard_link/binary_info.c.obj
 *(.binary_info.*)
                0x0000000010002ff8                __binary_info_end = .

.rel.dyn        0x0000000010002ff8        0x0
 .rel.iplt      0x0000000010002ff8        0x0 /usr/lib/gcc/arm-none-eabi/10.3.1/thumb/v6-m/nofp/crtbegin.o
                0x0000000010002ff8                . = ALIGN (0x4)

.ram_vector_table
                0x0000000020000000       0xc0
 *(.ram_vector_table)
 .ram_vector_table
                0x0000000020000000       0xc0 CMakeFiles/pico-sync-motor-dev.dir/_deps/pico_sdk-src/src/rp2_common/pico_runtime/runtime.c.obj
                0x0000000020000000                ram_vector_table

.data           0x00000000200000c0      0x194 load address 0x0000000010002ff8
                0x00000000200000c0                __data_start__ = .
 *(vtable)
 *(.time_critical*)
 .time_critical.mutex_try_enter_block_until
                0x00000000200000c0       0x9c CMakeFiles/pico-sync-motor-dev.dir/_deps/pico_sdk-src/src/common/pico_sync/mutex.c.obj
                0x00000000200000c0                mutex_try_enter_block_until
 .time_critical.mutex_exit
                0x000000002000015c       0x28 CMakeFiles/pico-sync-motor-dev.dir/_deps/pico_sdk-src/src/common/pico_sync/mutex.c.obj
                0x000000002000015c                mutex_exit
 *(.text*)
 .text          0x0000000020000184        0x4 /usr/lib/gcc/arm-none-eabi/10.3.1/thumb/v6-m/nofp/libgcc.a(_dvmd_tls.o)
                0x0000000020000184                __aeabi_ldiv0
                0x0000000020000184                __aeabi_idiv0
 .text.__stub   0x0000000020000188       0x10 linker stubs
                0x0000000020000198                . = ALIGN (0x4)
 *(.rodata*)
                0x0000000020000198                . = ALIGN (0x4)
 *(.data*)
 .data.striped_spin_lock_num
                0x0000000020000198        0x1 CMakeFiles/pico-sync-motor-dev.dir/_deps/pico_sdk-src/src/rp2_common/hardware_sync/sync.c.obj
 *fill*         0x0000000020000199        0x3 
 .data          0x000000002000019c       0x48 CMakeFiles/pico-sync-motor-dev.dir/_deps/pico_sdk-src/src/rp2_common/hardware_irq/irq_handler_chain.S.obj
                0x000000002000019c                irq_handler_chain_slots
                0x00000000200001cc                irq_handler_chain_first_slot
                0x00000000200001d6                irq_handler_chain_remove_tail
 .data.default_alarm_pool
                0x00000000200001e4       0x18 CMakeFiles/pico-sync-motor-dev.dir/_deps/pico_sdk-src/src/common/pico_time/time.c.obj
 .data.default_alarm_pool_heap
                0x00000000200001fc       0x10 CMakeFiles/pico-sync-motor-dev.dir/_deps/pico_sdk-src/src/common/pico_time/time.c.obj
 *fill*         0x000000002000020c        0x4 
 .data.aeabi_bits_funcs
                0x0000000020000210       0x10 CMakeFiles/pico-sync-motor-dev.dir/_deps/pico_sdk-src/src/rp2_common/pico_bit_ops/bit_ops_aeabi.S.obj
                0x0000000020000210                aeabi_bits_funcs
                0x0000000020000220                aeabi_bits_funcs_end
 .data.aeabi_mem_funcs
                0x0000000020000220       0x10 CMakeFiles/pico-sync-motor-dev.dir/_deps/pico_sdk-src/src/rp2_common/pico_mem_ops/mem_ops_aeabi.S.obj
                0x0000000020000220                aeabi_mem_funcs
                0x0000000020000230                aeabi_mem_funcs_end
                0x0000000020000230                . = ALIGN (0x4)
 *(.after_data.*)
                0x0000000020000230                . = ALIGN (0x4)
                0x0000000020000230                PROVIDE (__mutex_array_start = .)
 *(SORT_BY_NAME(.mutex_array.*))
 *(.mutex_array)
 .mutex_array   0x0000000020000230        0x8 CMakeFiles/pico-sync-motor-dev.dir/_deps/pico_sdk-src/src/rp2_common/pico_malloc/pico_malloc.c.obj
 .mutex_array   0x0000000020000238        0x8 CMakeFiles/pico-sync-motor-dev.dir/_deps/pico_sdk-src/src/rp2_common/pico_stdio/stdio.c.obj
                0x0000000020000240                PROVIDE (__mutex_array_end = .)
                0x0000000020000240                . = ALIGN (0x4)
                0x0000000020000240                PROVIDE (__preinit_array_start = .)
 *(SORT_BY_NAME(.preinit_array.*))
 .preinit_array.00001
                0x0000000020000240        0x4 CMakeFiles/pico-sync-motor-dev.dir/_deps/pico_sdk-src/src/rp2_common/pico_mem_ops/mem_ops_aeabi.S.obj
 .preinit_array.00010
                0x0000000020000244        0x4 CMakeFiles/pico-sync-motor-dev.dir/_deps/pico_sdk-src/src/rp2_common/pico_bit_ops/bit_ops_aeabi.S.obj
 .preinit_array.00020
                0x0000000020000248        0x4 CMakeFiles/pico-sync-motor-dev.dir/_deps/pico_sdk-src/src/rp2_common/pico_double/double_aeabi.S.obj
 .preinit_array.00020
                0x000000002000024c        0x4 CMakeFiles/pico-sync-motor-dev.dir/_deps/pico_sdk-src/src/rp2_common/pico_float/float_aeabi.S.obj
 *(.preinit_array)
                0x0000000020000250                PROVIDE (__preinit_array_end = .)
                0x0000000020000250                . = ALIGN (0x4)
                0x0000000020000250                PROVIDE (__init_array_start = .)
 *(SORT_BY_NAME(.init_array.*))
 *(.init_array)
 .init_array    0x0000000020000250        0x4 /usr/lib/gcc/arm-none-eabi/10.3.1/thumb/v6-m/nofp/crtbegin.o
                0x0000000020000254                PROVIDE (__init_array_end = .)
                0x0000000020000254                . = ALIGN (0x4)
                0x0000000020000254                PROVIDE (__fini_array_start = .)
 *(SORT_BY_NAME(.fini_array.*))
 *(.fini_array)
                0x0000000020000254                PROVIDE (__fini_array_end = .)
 *(.jcr)
                0x0000000020000254                . = ALIGN (0x4)
                0x0000000020000254                __data_end__ = .
                0x0000000010002ff8                __etext = LOADADDR (.data)

.tm_clone_table
                0x0000000020000254        0x0 load address 0x000000001000318c
 .tm_clone_table
                0x0000000020000254        0x0 /usr/lib/gcc/arm-none-eabi/10.3.1/thumb/v6-m/nofp/crtbegin.o
 .tm_clone_table
                0x0000000020000254        0x0 /usr/lib/gcc/arm-none-eabi/10.3.1/thumb/v6-m/nofp/crtend.o

.igot.plt       0x0000000020000254        0x0 load address 0x000000001000318c
 .igot.plt      0x0000000020000254        0x0 /usr/lib/gcc/arm-none-eabi/10.3.1/thumb/v6-m/nofp/crtbegin.o

.uninitialized_data
                0x0000000020000254        0x0 load address 0x000000001000318c
                0x0000000020000254                . = ALIGN (0x4)
 *(.uninitialized_data*)

.scratch_x      0x0000000020040000        0x0 load address 0x000000001000318c
                0x0000000020040000                __scratch_x_start__ = .
 *(.scratch_x.*)
                0x0000000020040000                . = ALIGN (0x4)
                0x0000000020040000                __scratch_x_end__ = .
                0x000000001000318c                __scratch_x_source__ = LOADADDR (.scratch_x)

.scratch_y      0x0000000020041000        0x0 load address 0x000000001000318c
                0x0000000020041000                __scratch_y_start__ = .
 *(.scratch_y.*)
                0x0000000020041000                . = ALIGN (0x4)
                0x0000000020041000                __scratch_y_end__ = .
                0x000000001000318c                __scratch_y_source__ = LOADADDR (.scratch_y)

.bss            0x0000000020000258      0x3e4
                0x0000000020000258                . = ALIGN (0x4)
                0x0000000020000258                __bss_start__ = .
 *(SORT_BY_ALIGNMENT(SORT_BY_NAME(.bss*)))
 .bss.default_alarm_pool_entries
                0x0000000020000258      0x100 CMakeFiles/pico-sync-motor-dev.dir/_deps/pico_sdk-src/src/common/pico_time/time.c.obj
 .bss.sd_table  0x0000000020000358      0x100 CMakeFiles/pico-sync-motor-dev.dir/_deps/pico_sdk-src/src/rp2_common/pico_double/double_init_rom.c.obj
                0x0000000020000358                sd_table
 .bss.sf_table  0x0000000020000458      0x100 CMakeFiles/pico-sync-motor-dev.dir/_deps/pico_sdk-src/src/rp2_common/pico_float/float_init_rom.c.obj
                0x0000000020000458                sf_table
 .bss           0x0000000020000558       0x1c /usr/lib/gcc/arm-none-eabi/10.3.1/thumb/v6-m/nofp/crtbegin.o
 .bss._used_instruction_space
                0x0000000020000574        0x8 CMakeFiles/pico-sync-motor-dev.dir/_deps/pico_sdk-src/src/rp2_common/hardware_pio/pio.c.obj
 .bss.alarm_callbacks
                0x000000002000057c       0x10 CMakeFiles/pico-sync-motor-dev.dir/_deps/pico_sdk-src/src/rp2_common/hardware_timer/timer.c.obj
 .bss.callbacks
                0x000000002000058c        0x8 CMakeFiles/pico-sync-motor-dev.dir/_deps/pico_sdk-src/src/rp2_common/hardware_gpio/gpio.c.obj
 .bss.configured_freq
                0x0000000020000594       0x28 CMakeFiles/pico-sync-motor-dev.dir/_deps/pico_sdk-src/src/rp2_common/hardware_clocks/clocks.c.obj
 .bss.default_alarm_pool_entry_ids_high
                0x00000000200005bc       0x10 CMakeFiles/pico-sync-motor-dev.dir/_deps/pico_sdk-src/src/common/pico_time/time.c.obj
 .bss.default_alarm_pool_heap_nodes
                0x00000000200005cc       0x30 CMakeFiles/pico-sync-motor-dev.dir/_deps/pico_sdk-src/src/common/pico_time/time.c.obj
 .bss.drivers   0x00000000200005fc        0x4 CMakeFiles/pico-sync-motor-dev.dir/_deps/pico_sdk-src/src/rp2_common/pico_stdio/stdio.c.obj
 .bss.filter    0x0000000020000600        0x4 CMakeFiles/pico-sync-motor-dev.dir/_deps/pico_sdk-src/src/rp2_common/pico_stdio/stdio.c.obj
 .bss.lazy_vsnprintf
                0x0000000020000604        0x4 CMakeFiles/pico-sync-motor-dev.dir/_deps/pico_sdk-src/src/rp2_common/pico_printf/printf.c.obj
 .bss.pools     0x0000000020000608       0x10 CMakeFiles/pico-sync-motor-dev.dir/_deps/pico_sdk-src/src/common/pico_time/time.c.obj
 .bss.raw_irq_mask
                0x0000000020000618        0x8 CMakeFiles/pico-sync-motor-dev.dir/_deps/pico_sdk-src/src/rp2_common/hardware_gpio/gpio.c.obj
 .bss.sf_clz_func
                0x0000000020000620        0x4 CMakeFiles/pico-sync-motor-dev.dir/_deps/pico_sdk-src/src/rp2_common/pico_double/double_init_rom.c.obj
                0x0000000020000620                sf_clz_func
 .bss.sleep_notifier
                0x0000000020000624        0x4 CMakeFiles/pico-sync-motor-dev.dir/_deps/pico_sdk-src/src/common/pico_time/time.c.obj
 .bss.target_hi
                0x0000000020000628       0x10 CMakeFiles/pico-sync-motor-dev.dir/_deps/pico_sdk-src/src/rp2_common/hardware_timer/timer.c.obj
 .bss.claimed   0x0000000020000638        0x1 CMakeFiles/pico-sync-motor-dev.dir/_deps/pico_sdk-src/src/rp2_common/hardware_timer/timer.c.obj
 .bss.claimed   0x0000000020000639        0x1 CMakeFiles/pico-sync-motor-dev.dir/_deps/pico_sdk-src/src/rp2_common/hardware_pio/pio.c.obj
 .bss.irq_hander_chain_free_slot_head
                0x000000002000063a        0x1 CMakeFiles/pico-sync-motor-dev.dir/_deps/pico_sdk-src/src/rp2_common/hardware_irq/irq.c.obj
 .bss.timer_callbacks_pending
                0x000000002000063b        0x1 CMakeFiles/pico-sync-motor-dev.dir/_deps/pico_sdk-src/src/rp2_common/hardware_timer/timer.c.obj
 *(COMMON)
                0x000000002000063c                . = ALIGN (0x4)
                0x000000002000063c                __bss_end__ = .

.heap           0x000000002000063c      0x800
                0x000000002000063c                __end__ = .
                0x000000002000063c                end = __end__
 *(.heap*)
 .heap          0x000000002000063c      0x800 CMakeFiles/pico-sync-motor-dev.dir/_deps/pico_sdk-src/src/rp2_common/pico_standard_link/crt0.S.obj
                0x0000000020000e3c                __HeapLimit = .

.stack1_dummy   0x0000000020040000      0x800
 *(.stack1*)
 .stack1        0x0000000020040000      0x800 CMakeFiles/pico-sync-motor-dev.dir/_deps/pico_sdk-src/src/rp2_common/pico_multicore/multicore.c.obj

.stack_dummy    0x0000000020041000      0x800
 *(.stack*)
 .stack         0x0000000020041000      0x800 CMakeFiles/pico-sync-motor-dev.dir/_deps/pico_sdk-src/src/rp2_common/pico_standard_link/crt0.S.obj

.flash_end      0x000000001000318c        0x0
                0x000000001000318c                PROVIDE (__flash_binary_end = .)
                0x0000000020040000                __StackLimit = (ORIGIN (RAM) + LENGTH (RAM))
                0x0000000020041000                __StackOneTop = (ORIGIN (SCRATCH_X) + LENGTH (SCRATCH_X))
                0x0000000020042000                __StackTop = (ORIGIN (SCRATCH_Y) + LENGTH (SCRATCH_Y))
                0x0000000020040800                __StackOneBottom = (__StackOneTop - SIZEOF (.stack1_dummy))
                0x0000000020041800                __StackBottom = (__StackTop - SIZEOF (.stack_dummy))
                0x0000000020042000                PROVIDE (__stack = __StackTop)
                0x0000000000000001                ASSERT ((__StackLimit >= __HeapLimit), region RAM overflowed)
                0x0000000000000001                ASSERT (((__binary_info_header_end - __logical_binary_start) <= 0x100), Binary info must be in first 256 bytes of the binary)
LOAD CMakeFiles/pico-sync-motor-dev.dir/src/pico_servo.c.obj
LOAD CMakeFiles/pico-sync-motor-dev.dir/main.c.obj
LOAD CMakeFiles/pico-sync-motor-dev.dir/_deps/pico_sdk-src/src/rp2_common/pico_stdlib/stdlib.c.obj
LOAD CMakeFiles/pico-sync-motor-dev.dir/_deps/pico_sdk-src/src/rp2_common/hardware_gpio/gpio.c.obj
LOAD CMakeFiles/pico-sync-motor-dev.dir/_deps/pico_sdk-src/src/rp2_common/pico_platform/platform.c.obj
LOAD CMakeFiles/pico-sync-motor-dev.dir/_deps/pico_sdk-src/src/rp2_common/hardware_claim/claim.c.obj
LOAD CMakeFiles/pico-sync-motor-dev.dir/_deps/pico_sdk-src/src/rp2_common/hardware_sync/sync.c.obj
LOAD CMakeFiles/pico-sync-motor-dev.dir/_deps/pico_sdk-src/src/rp2_common/hardware_irq/irq.c.obj
LOAD CMakeFiles/pico-sync-motor-dev.dir/_deps/pico_sdk-src/src/rp2_common/hardware_irq/irq_handler_chain.S.obj
LOAD CMakeFiles/pico-sync-motor-dev.dir/_deps/pico_sdk-src/src/common/pico_sync/sem.c.obj
LOAD CMakeFiles/pico-sync-motor-dev.dir/_deps/pico_sdk-src/src/common/pico_sync/lock_core.c.obj
LOAD CMakeFiles/pico-sync-motor-dev.dir/_deps/pico_sdk-src/src/common/pico_sync/mutex.c.obj
LOAD CMakeFiles/pico-sync-motor-dev.dir/_deps/pico_sdk-src/src/common/pico_sync/critical_section.c.obj
LOAD CMakeFiles/pico-sync-motor-dev.dir/_deps/pico_sdk-src/src/common/pico_time/time.c.obj
LOAD CMakeFiles/pico-sync-motor-dev.dir/_deps/pico_sdk-src/src/common/pico_time/timeout_helper.c.obj
LOAD CMakeFiles/pico-sync-motor-dev.dir/_deps/pico_sdk-src/src/rp2_common/hardware_timer/timer.c.obj
LOAD CMakeFiles/pico-sync-motor-dev.dir/_deps/pico_sdk-src/src/common/pico_util/datetime.c.obj
LOAD CMakeFiles/pico-sync-motor-dev.dir/_deps/pico_sdk-src/src/common/pico_util/pheap.c.obj
LOAD CMakeFiles/pico-sync-motor-dev.dir/_deps/pico_sdk-src/src/common/pico_util/queue.c.obj
LOAD CMakeFiles/pico-sync-motor-dev.dir/_deps/pico_sdk-src/src/rp2_common/hardware_uart/uart.c.obj
LOAD CMakeFiles/pico-sync-motor-dev.dir/_deps/pico_sdk-src/src/rp2_common/hardware_clocks/clocks.c.obj
LOAD CMakeFiles/pico-sync-motor-dev.dir/_deps/pico_sdk-src/src/rp2_common/hardware_pll/pll.c.obj
LOAD CMakeFiles/pico-sync-motor-dev.dir/_deps/pico_sdk-src/src/rp2_common/hardware_vreg/vreg.c.obj
LOAD CMakeFiles/pico-sync-motor-dev.dir/_deps/pico_sdk-src/src/rp2_common/hardware_watchdog/watchdog.c.obj
LOAD CMakeFiles/pico-sync-motor-dev.dir/_deps/pico_sdk-src/src/rp2_common/hardware_xosc/xosc.c.obj
LOAD CMakeFiles/pico-sync-motor-dev.dir/_deps/pico_sdk-src/src/rp2_common/hardware_divider/divider.S.obj
LOAD CMakeFiles/pico-sync-motor-dev.dir/_deps/pico_sdk-src/src/rp2_common/pico_runtime/runtime.c.obj
LOAD CMakeFiles/pico-sync-motor-dev.dir/_deps/pico_sdk-src/src/rp2_common/pico_printf/printf.c.obj
LOAD CMakeFiles/pico-sync-motor-dev.dir/_deps/pico_sdk-src/src/rp2_common/pico_bit_ops/bit_ops_aeabi.S.obj
LOAD CMakeFiles/pico-sync-motor-dev.dir/_deps/pico_sdk-src/src/rp2_common/pico_bootrom/bootrom.c.obj
LOAD CMakeFiles/pico-sync-motor-dev.dir/_deps/pico_sdk-src/src/rp2_common/pico_divider/divider.S.obj
LOAD CMakeFiles/pico-sync-motor-dev.dir/_deps/pico_sdk-src/src/rp2_common/pico_double/double_aeabi.S.obj
LOAD CMakeFiles/pico-sync-motor-dev.dir/_deps/pico_sdk-src/src/rp2_common/pico_double/double_init_rom.c.obj
LOAD CMakeFiles/pico-sync-motor-dev.dir/_deps/pico_sdk-src/src/rp2_common/pico_double/double_math.c.obj
LOAD CMakeFiles/pico-sync-motor-dev.dir/_deps/pico_sdk-src/src/rp2_common/pico_double/double_v1_rom_shim.S.obj
LOAD CMakeFiles/pico-sync-motor-dev.dir/_deps/pico_sdk-src/src/rp2_common/pico_int64_ops/pico_int64_ops_aeabi.S.obj
LOAD CMakeFiles/pico-sync-motor-dev.dir/_deps/pico_sdk-src/src/rp2_common/pico_float/float_aeabi.S.obj
LOAD CMakeFiles/pico-sync-motor-dev.dir/_deps/pico_sdk-src/src/rp2_common/pico_float/float_init_rom.c.obj
LOAD CMakeFiles/pico-sync-motor-dev.dir/_deps/pico_sdk-src/src/rp2_common/pico_float/float_math.c.obj
LOAD CMakeFiles/pico-sync-motor-dev.dir/_deps/pico_sdk-src/src/rp2_common/pico_float/float_v1_rom_shim.S.obj
LOAD CMakeFiles/pico-sync-motor-dev.dir/_deps/pico_sdk-src/src/rp2_common/pico_malloc/pico_malloc.c.obj
LOAD CMakeFiles/pico-sync-motor-dev.dir/_deps/pico_sdk-src/src/rp2_common/pico_mem_ops/mem_ops_aeabi.S.obj
LOAD CMakeFiles/pico-sync-motor-dev.dir/_deps/pico_sdk-src/src/rp2_common/pico_standard_link/crt0.S.obj
LOAD CMakeFiles/pico-sync-motor-dev.dir/_deps/pico_sdk-src/src/rp2_common/pico_standard_link/new_delete.cpp.obj
LOAD CMakeFiles/pico-sync-motor-dev.dir/_deps/pico_sdk-src/src/rp2_common/pico_standard_link/binary_info.c.obj
LOAD CMakeFiles/pico-sync-motor-dev.dir/_deps/pico_sdk-src/src/rp2_common/pico_stdio/stdio.c.obj
LOAD CMakeFiles/pico-sync-motor-dev.dir/_deps/pico_sdk-src/src/rp2_common/pico_stdio_uart/stdio_uart.c.obj
LOAD CMakeFiles/pico-sync-motor-dev.dir/_deps/pico_sdk-src/src/rp2_common/hardware_adc/adc.c.obj
LOAD CMakeFiles/pico-sync-motor-dev.dir/_deps/pico_sdk-src/src/rp2_common/hardware_flash/flash.c.obj
LOAD CMakeFiles/pico-sync-motor-dev.dir/_deps/pico_sdk-src/src/rp2_common/pico_multicore/multicore.c.obj
LOAD CMakeFiles/pico-sync-motor-dev.dir/_deps/pico_sdk-src/src/rp2_common/hardware_pio/pio.c.obj
LOAD /tmp/ccNeFCNu.o
LOAD /usr/lib/gcc/arm-none-eabi/10.3.1/../../../arm-none-eabi/lib/thumb/v6-m/nofp/libstdc++.a
LOAD /usr/lib/gcc/arm-none-eabi/10.3.1/../../../arm-none-eabi/lib/thumb/v6-m/nofp/libm.a
START GROUP
LOAD /usr/lib/gcc/arm-none-eabi/10.3.1/thumb/v6-m/nofp/libgcc.a
LOAD /usr/lib/gcc/arm-none-eabi/10.3.1/../../../arm-none-eabi/lib/thumb/v6-m/nofp/libc.a
END GROUP
START GROUP
LOAD /usr/lib/gcc/arm-none-eabi/10.3.1/thumb/v6-m/nofp/libgcc.a
LOAD /usr/lib/gcc/arm-none-eabi/10.3.1/../../../arm-none-eabi/lib/thumb/v6-m/nofp/libc.a
LOAD /usr/lib/gcc/arm-none-eabi/10.3.1/../../../arm-none-eabi/lib/thumb/v6-m/nofp/libnosys.a
END GROUP
LOAD /usr/lib/gcc/arm-none-eabi/10.3.1/thumb/v6-m/nofp/crtend.o
LOAD /usr/lib/gcc/arm-none-eabi/10.3.1/thumb/v6-m/nofp/crtn.o
OUTPUT(pico-sync-motor-dev.elf elf32-littlearm)
LOAD linker stubs

.ARM.attributes
                0x0000000000000000       0x28
 .ARM.attributes
                0x0000000000000000       0x1e /usr/lib/gcc/arm-none-eabi/10.3.1/thumb/v6-m/nofp/crti.o
 .ARM.attributes
                0x000000000000001e       0x2c /usr/lib/gcc/arm-none-eabi/10.3.1/thumb/v6-m/nofp/crtbegin.o
 .ARM.attributes
                0x000000000000004a       0x2c CMakeFiles/pico-sync-motor-dev.dir/src/pico_servo.c.obj
 .ARM.attributes
                0x0000000000000076       0x2c CMakeFiles/pico-sync-motor-dev.dir/main.c.obj
 .ARM.attributes
                0x00000000000000a2       0x2c CMakeFiles/pico-sync-motor-dev.dir/_deps/pico_sdk-src/src/rp2_common/hardware_gpio/gpio.c.obj
 .ARM.attributes
                0x00000000000000ce       0x2c CMakeFiles/pico-sync-motor-dev.dir/_deps/pico_sdk-src/src/rp2_common/pico_platform/platform.c.obj
 .ARM.attributes
                0x00000000000000fa       0x2c CMakeFiles/pico-sync-motor-dev.dir/_deps/pico_sdk-src/src/rp2_common/hardware_claim/claim.c.obj
 .ARM.attributes
                0x0000000000000126       0x2c CMakeFiles/pico-sync-motor-dev.dir/_deps/pico_sdk-src/src/rp2_common/hardware_sync/sync.c.obj
 .ARM.attributes
                0x0000000000000152       0x2c CMakeFiles/pico-sync-motor-dev.dir/_deps/pico_sdk-src/src/rp2_common/hardware_irq/irq.c.obj
 .ARM.attributes
                0x000000000000017e       0x22 CMakeFiles/pico-sync-motor-dev.dir/_deps/pico_sdk-src/src/rp2_common/hardware_irq/irq_handler_chain.S.obj
 .ARM.attributes
                0x00000000000001a0       0x2c CMakeFiles/pico-sync-motor-dev.dir/_deps/pico_sdk-src/src/common/pico_sync/lock_core.c.obj
 .ARM.attributes
                0x00000000000001cc       0x2c CMakeFiles/pico-sync-motor-dev.dir/_deps/pico_sdk-src/src/common/pico_sync/mutex.c.obj
 .ARM.attributes
                0x00000000000001f8       0x2c CMakeFiles/pico-sync-motor-dev.dir/_deps/pico_sdk-src/src/common/pico_time/time.c.obj
 .ARM.attributes
                0x0000000000000224       0x2c CMakeFiles/pico-sync-motor-dev.dir/_deps/pico_sdk-src/src/rp2_common/hardware_timer/timer.c.obj
 .ARM.attributes
                0x0000000000000250       0x2c CMakeFiles/pico-sync-motor-dev.dir/_deps/pico_sdk-src/src/common/pico_util/pheap.c.obj
 .ARM.attributes
                0x000000000000027c       0x2c CMakeFiles/pico-sync-motor-dev.dir/_deps/pico_sdk-src/src/rp2_common/hardware_clocks/clocks.c.obj
 .ARM.attributes
                0x00000000000002a8       0x2c CMakeFiles/pico-sync-motor-dev.dir/_deps/pico_sdk-src/src/rp2_common/hardware_pll/pll.c.obj
 .ARM.attributes
                0x00000000000002d4       0x2c CMakeFiles/pico-sync-motor-dev.dir/_deps/pico_sdk-src/src/rp2_common/hardware_watchdog/watchdog.c.obj
 .ARM.attributes
                0x0000000000000300       0x2c CMakeFiles/pico-sync-motor-dev.dir/_deps/pico_sdk-src/src/rp2_common/hardware_xosc/xosc.c.obj
 .ARM.attributes
                0x000000000000032c       0x2c CMakeFiles/pico-sync-motor-dev.dir/_deps/pico_sdk-src/src/rp2_common/pico_runtime/runtime.c.obj
 .ARM.attributes
                0x0000000000000358       0x2c CMakeFiles/pico-sync-motor-dev.dir/_deps/pico_sdk-src/src/rp2_common/pico_printf/printf.c.obj
 .ARM.attributes
                0x0000000000000384       0x22 CMakeFiles/pico-sync-motor-dev.dir/_deps/pico_sdk-src/src/rp2_common/pico_bit_ops/bit_ops_aeabi.S.obj
 .ARM.attributes
                0x00000000000003a6       0x2c CMakeFiles/pico-sync-motor-dev.dir/_deps/pico_sdk-src/src/rp2_common/pico_bootrom/bootrom.c.obj
 .ARM.attributes
                0x00000000000003d2       0x22 CMakeFiles/pico-sync-motor-dev.dir/_deps/pico_sdk-src/src/rp2_common/pico_divider/divider.S.obj
 .ARM.attributes
                0x00000000000003f4       0x22 CMakeFiles/pico-sync-motor-dev.dir/_deps/pico_sdk-src/src/rp2_common/pico_double/double_aeabi.S.obj
 .ARM.attributes
                0x0000000000000416       0x2c CMakeFiles/pico-sync-motor-dev.dir/_deps/pico_sdk-src/src/rp2_common/pico_double/double_init_rom.c.obj
 .ARM.attributes
                0x0000000000000442       0x22 CMakeFiles/pico-sync-motor-dev.dir/_deps/pico_sdk-src/src/rp2_common/pico_double/double_v1_rom_shim.S.obj
 .ARM.attributes
                0x0000000000000464       0x22 CMakeFiles/pico-sync-motor-dev.dir/_deps/pico_sdk-src/src/rp2_common/pico_int64_ops/pico_int64_ops_aeabi.S.obj
 .ARM.attributes
                0x0000000000000486       0x22 CMakeFiles/pico-sync-motor-dev.dir/_deps/pico_sdk-src/src/rp2_common/pico_float/float_aeabi.S.obj
 .ARM.attributes
                0x00000000000004a8       0x2c CMakeFiles/pico-sync-motor-dev.dir/_deps/pico_sdk-src/src/rp2_common/pico_float/float_init_rom.c.obj
 .ARM.attributes
                0x00000000000004d4       0x22 CMakeFiles/pico-sync-motor-dev.dir/_deps/pico_sdk-src/src/rp2_common/pico_float/float_v1_rom_shim.S.obj
 .ARM.attributes
                0x00000000000004f6       0x2c CMakeFiles/pico-sync-motor-dev.dir/_deps/pico_sdk-src/src/rp2_common/pico_malloc/pico_malloc.c.obj
 .ARM.attributes
                0x0000000000000522       0x22 CMakeFiles/pico-sync-motor-dev.dir/_deps/pico_sdk-src/src/rp2_common/pico_mem_ops/mem_ops_aeabi.S.obj
 .ARM.attributes
                0x0000000000000544       0x22 CMakeFiles/pico-sync-motor-dev.dir/_deps/pico_sdk-src/src/rp2_common/pico_standard_link/crt0.S.obj
 .ARM.attributes
                0x0000000000000566       0x32 CMakeFiles/pico-sync-motor-dev.dir/_deps/pico_sdk-src/src/rp2_common/pico_standard_link/binary_info.c.obj
 .ARM.attributes
                0x0000000000000598       0x2c CMakeFiles/pico-sync-motor-dev.dir/_deps/pico_sdk-src/src/rp2_common/pico_stdio/stdio.c.obj
 .ARM.attributes
                0x00000000000005c4       0x2c CMakeFiles/pico-sync-motor-dev.dir/_deps/pico_sdk-src/src/rp2_common/pico_multicore/multicore.c.obj
 .ARM.attributes
                0x00000000000005f0       0x2c CMakeFiles/pico-sync-motor-dev.dir/_deps/pico_sdk-src/src/rp2_common/hardware_pio/pio.c.obj
 .ARM.attributes
                0x000000000000061c       0x22 /tmp/ccNeFCNu.o
 .ARM.attributes
                0x000000000000063e       0x1e /usr/lib/gcc/arm-none-eabi/10.3.1/thumb/v6-m/nofp/libgcc.a(_dvmd_tls.o)
 .ARM.attributes
                0x000000000000065c       0x2c /usr/lib/gcc/arm-none-eabi/10.3.1/../../../arm-none-eabi/lib/thumb/v6-m/nofp/libc.a(lib_a-strlen-stub.o)
 .ARM.attributes
                0x0000000000000688       0x2c /usr/lib/gcc/arm-none-eabi/10.3.1/thumb/v6-m/nofp/crtend.o

.comment        0x0000000000000000       0x33
 .comment       0x0000000000000000       0x33 /usr/lib/gcc/arm-none-eabi/10.3.1/thumb/v6-m/nofp/crtbegin.o
                                         0x34 (size before relaxing)
 .comment       0x0000000000000033       0x34 CMakeFiles/pico-sync-motor-dev.dir/src/pico_servo.c.obj
 .comment       0x0000000000000033       0x34 CMakeFiles/pico-sync-motor-dev.dir/main.c.obj
 .comment       0x0000000000000033       0x34 CMakeFiles/pico-sync-motor-dev.dir/_deps/pico_sdk-src/src/rp2_common/hardware_gpio/gpio.c.obj
 .comment       0x0000000000000033       0x34 CMakeFiles/pico-sync-motor-dev.dir/_deps/pico_sdk-src/src/rp2_common/pico_platform/platform.c.obj
 .comment       0x0000000000000033       0x34 CMakeFiles/pico-sync-motor-dev.dir/_deps/pico_sdk-src/src/rp2_common/hardware_claim/claim.c.obj
 .comment       0x0000000000000033       0x34 CMakeFiles/pico-sync-motor-dev.dir/_deps/pico_sdk-src/src/rp2_common/hardware_sync/sync.c.obj
 .comment       0x0000000000000033       0x34 CMakeFiles/pico-sync-motor-dev.dir/_deps/pico_sdk-src/src/rp2_common/hardware_irq/irq.c.obj
 .comment       0x0000000000000033       0x34 CMakeFiles/pico-sync-motor-dev.dir/_deps/pico_sdk-src/src/common/pico_sync/lock_core.c.obj
 .comment       0x0000000000000033       0x34 CMakeFiles/pico-sync-motor-dev.dir/_deps/pico_sdk-src/src/common/pico_sync/mutex.c.obj
 .comment       0x0000000000000033       0x34 CMakeFiles/pico-sync-motor-dev.dir/_deps/pico_sdk-src/src/common/pico_time/time.c.obj
 .comment       0x0000000000000033       0x34 CMakeFiles/pico-sync-motor-dev.dir/_deps/pico_sdk-src/src/rp2_common/hardware_timer/timer.c.obj
 .comment       0x0000000000000033       0x34 CMakeFiles/pico-sync-motor-dev.dir/_deps/pico_sdk-src/src/common/pico_util/pheap.c.obj
 .comment       0x0000000000000033       0x34 CMakeFiles/pico-sync-motor-dev.dir/_deps/pico_sdk-src/src/rp2_common/hardware_clocks/clocks.c.obj
 .comment       0x0000000000000033       0x34 CMakeFiles/pico-sync-motor-dev.dir/_deps/pico_sdk-src/src/rp2_common/hardware_pll/pll.c.obj
 .comment       0x0000000000000033       0x34 CMakeFiles/pico-sync-motor-dev.dir/_deps/pico_sdk-src/src/rp2_common/hardware_watchdog/watchdog.c.obj
 .comment       0x0000000000000033       0x34 CMakeFiles/pico-sync-motor-dev.dir/_deps/pico_sdk-src/src/rp2_common/hardware_xosc/xosc.c.obj
 .comment       0x0000000000000033       0x34 CMakeFiles/pico-sync-motor-dev.dir/_deps/pico_sdk-src/src/rp2_common/pico_runtime/runtime.c.obj
 .comment       0x0000000000000033       0x34 CMakeFiles/pico-sync-motor-dev.dir/_deps/pico_sdk-src/src/rp2_common/pico_printf/printf.c.obj
 .comment       0x0000000000000033       0x34 CMakeFiles/pico-sync-motor-dev.dir/_deps/pico_sdk-src/src/rp2_common/pico_bootrom/bootrom.c.obj
 .comment       0x0000000000000033       0x34 CMakeFiles/pico-sync-motor-dev.dir/_deps/pico_sdk-src/src/rp2_common/pico_double/double_init_rom.c.obj
 .comment       0x0000000000000033       0x34 CMakeFiles/pico-sync-motor-dev.dir/_deps/pico_sdk-src/src/rp2_common/pico_float/float_init_rom.c.obj
 .comment       0x0000000000000033       0x34 CMakeFiles/pico-sync-motor-dev.dir/_deps/pico_sdk-src/src/rp2_common/pico_malloc/pico_malloc.c.obj
 .comment       0x0000000000000033       0x34 CMakeFiles/pico-sync-motor-dev.dir/_deps/pico_sdk-src/src/rp2_common/pico_standard_link/binary_info.c.obj
 .comment       0x0000000000000033       0x34 CMakeFiles/pico-sync-motor-dev.dir/_deps/pico_sdk-src/src/rp2_common/pico_stdio/stdio.c.obj
 .comment       0x0000000000000033       0x34 CMakeFiles/pico-sync-motor-dev.dir/_deps/pico_sdk-src/src/rp2_common/pico_multicore/multicore.c.obj
 .comment       0x0000000000000033       0x34 CMakeFiles/pico-sync-motor-dev.dir/_deps/pico_sdk-src/src/rp2_common/hardware_pio/pio.c.obj
 .comment       0x0000000000000033       0x34 /usr/lib/gcc/arm-none-eabi/10.3.1/../../../arm-none-eabi/lib/thumb/v6-m/nofp/libc.a(lib_a-strlen-stub.o)
 .comment       0x0000000000000033       0x34 /usr/lib/gcc/arm-none-eabi/10.3.1/thumb/v6-m/nofp/crtend.o

.debug_line     0x0000000000000000      0x1d2
 .debug_line    0x0000000000000000       0x60 /usr/lib/gcc/arm-none-eabi/10.3.1/thumb/v6-m/nofp/libgcc.a(_dvmd_tls.o)
 .debug_line    0x0000000000000060      0x172 /usr/lib/gcc/arm-none-eabi/10.3.1/../../../arm-none-eabi/lib/thumb/v6-m/nofp/libc.a(lib_a-strlen-stub.o)

.debug_info     0x0000000000000000      0x114
 .debug_info    0x0000000000000000       0x26 /usr/lib/gcc/arm-none-eabi/10.3.1/thumb/v6-m/nofp/libgcc.a(_dvmd_tls.o)
 .debug_info    0x0000000000000026       0xee /usr/lib/gcc/arm-none-eabi/10.3.1/../../../arm-none-eabi/lib/thumb/v6-m/nofp/libc.a(lib_a-strlen-stub.o)

.debug_abbrev   0x0000000000000000       0xa3
 .debug_abbrev  0x0000000000000000       0x14 /usr/lib/gcc/arm-none-eabi/10.3.1/thumb/v6-m/nofp/libgcc.a(_dvmd_tls.o)
 .debug_abbrev  0x0000000000000014       0x8f /usr/lib/gcc/arm-none-eabi/10.3.1/../../../arm-none-eabi/lib/thumb/v6-m/nofp/libc.a(lib_a-strlen-stub.o)

.debug_aranges  0x0000000000000000       0x40
 .debug_aranges
                0x0000000000000000       0x20 /usr/lib/gcc/arm-none-eabi/10.3.1/thumb/v6-m/nofp/libgcc.a(_dvmd_tls.o)
 .debug_aranges
                0x0000000000000020       0x20 /usr/lib/gcc/arm-none-eabi/10.3.1/../../../arm-none-eabi/lib/thumb/v6-m/nofp/libc.a(lib_a-strlen-stub.o)

.debug_str      0x0000000000000000      0x232
 .debug_str     0x0000000000000000       0xa6 /usr/lib/gcc/arm-none-eabi/10.3.1/thumb/v6-m/nofp/libgcc.a(_dvmd_tls.o)
 .debug_str     0x00000000000000a6      0x18c /usr/lib/gcc/arm-none-eabi/10.3.1/../../../arm-none-eabi/lib/thumb/v6-m/nofp/libc.a(lib_a-strlen-stub.o)
                                        0x1c5 (size before relaxing)

.debug_loc      0x0000000000000000       0x90
 .debug_loc     0x0000000000000000       0x90 /usr/lib/gcc/arm-none-eabi/10.3.1/../../../arm-none-eabi/lib/thumb/v6-m/nofp/libc.a(lib_a-strlen-stub.o)

.debug_frame    0x0000000000000000       0x28
 .debug_frame   0x0000000000000000       0x28 /usr/lib/gcc/arm-none-eabi/10.3.1/../../../arm-none-eabi/lib/thumb/v6-m/nofp/libc.a(lib_a-strlen-stub.o)
